// Jest Snapshot v1, https://goo.gl/fbAQLP

exports[`epics sends moderation action 1`] = `
Array [
  Array [
    "test address",
    Array [
      Object {
        "address": "zs1testaddresstest",
        "amount": "0",
        "memo": "ff0776260f52538a895b8120df7d7c81bd387bd18851bfb8ac6f6e5fe7a77d95087e1d00b198a6d0d196bc1bd53faa0ae8f9e21af3a5428ae098101a21a1341f9b61000000007b52454d4f56455f4d45535341474500000000000040746573742d6d6573736167652d6964000000000000000000000000000000000000000000000000000000000000000000000000000000000000000000000000000000000000000000000000000000000000000000000000000000000000000000000000000000000000000000000000000000000000000000000000000000000000000000000000000000000000000000000000000000000000000000000000000000000000000000000000000000000000000000000000000000000000000000000000000000000000000000000000000000000000000000000000000000000000000000000000000000000000000000000000000000000000000000000000000000000000000000000000000000000000000000000000000000000000000000000000000000000000000000000000000000000000000000000000000000000000000000000000000000000000000000000000000000000000000000000000000000000000000000000000000000000000000000000000000000000000000000000000000000000000000000000000000000000000000000000000000000000000000000",
      },
    ],
    1,
    0.0000025,
  ],
]
`;
