// Jest Snapshot v1, https://goo.gl/fbAQLP

exports[`Operations reducer handles  actions - addOperation 1`] = `"50"`;
