// Jest Snapshot v1, https://goo.gl/fbAQLP

exports[`QuitAppDialog renders component 1`] = `
<WithStyles(Dialog)
  onClose={[MockFunction]}
  open={true}
>
  <WithStyles(DialogContent)>
    <WithStyles(Typography)
      variant="body2"
    >
      Do you really want to quit Zbay?
    </WithStyles(Typography)>
  </WithStyles(DialogContent)>
  <WithStyles(DialogActions)>
    <WithStyles(Grid)
      container={true}
      direction="row"
      justify="flex-end"
      spacing={8}
    >
      <WithStyles(Grid)
        item={true}
      >
        <WithStyles(Button)
          color="primary"
          onClick={[MockFunction]}
          size="small"
          variant="contained"
        >
          Quit
        </WithStyles(Button)>
      </WithStyles(Grid)>
      <WithStyles(Grid)
        item={true}
      >
        <WithStyles(Button)
          color="primary"
          onClick={[MockFunction]}
          size="small"
          variant="outlined"
        >
          Cancel
        </WithStyles(Button)>
      </WithStyles(Grid)>
    </WithStyles(Grid)>
  </WithStyles(DialogActions)>
</WithStyles(Dialog)>
`;
