// Jest Snapshot v1, https://goo.gl/fbAQLP

exports[`app - modal tab to open 1`] = `"addFunds"`;

exports[`app - version selector 1`] = `"0.13.37"`;

exports[`app - version transfers 1`] = `Immutable.Map {}`;
