// Jest Snapshot v1, https://goo.gl/fbAQLP

exports[`ChannelInput will receive right props for channel 1`] = `
Object {
  "channelData": Immutable.Map {
    "keys": Immutable.Map {},
  },
  "channelId": "this-is-test-channel-id",
  "isInitialLoadFinished": false,
  "messages": Immutable.List [
    Immutable.DisplayableMessage {
      "id": 3,
      "type": 1,
      "sender": Immutable.ExchangeParticipant {
        "replyTo": "",
        "username": "",
      },
      "receiver": Immutable.ExchangeParticipant {
        "replyTo": "",
        "username": "Unnamed",
      },
      "createdAt": 1551942228,
      "message": "This is a message with id 3",
      "spent": "0.32",
      "fromYou": true,
      "status": "broadcasted",
      "error": null,
      "shippingData": null,
      "tag": "",
      "offerOwner": "",
      "isUnregistered": false,
      "publicKey": null,
      "blockTime": 9007199254740991,
    },
    Immutable.DisplayableMessage {
      "id": 2,
      "type": 1,
      "sender": Immutable.ExchangeParticipant {
        "replyTo": "",
        "username": "",
      },
      "receiver": Immutable.ExchangeParticipant {
        "replyTo": "",
        "username": "Unnamed",
      },
      "createdAt": 1551949428,
      "message": "This is a message with id 2",
      "spent": "0.32",
      "fromYou": true,
      "status": "broadcasted",
      "error": null,
      "shippingData": null,
      "tag": "",
      "offerOwner": "",
      "isUnregistered": false,
      "publicKey": null,
      "blockTime": 9007199254740991,
    },
    Immutable.DisplayableMessage {
      "id": 1,
      "type": 1,
      "sender": Immutable.ExchangeParticipant {
        "replyTo": "",
        "username": "",
      },
      "receiver": Immutable.ExchangeParticipant {
        "replyTo": "",
        "username": "Unnamed",
      },
      "createdAt": 1551956628,
      "message": "This is a message with id 1",
      "spent": "0.32",
      "fromYou": true,
      "status": "broadcasted",
      "error": null,
      "shippingData": null,
      "tag": "",
      "offerOwner": "",
      "isUnregistered": false,
      "publicKey": null,
      "blockTime": 9007199254740991,
    },
    Immutable.DisplayableMessage {
      "id": 0,
      "type": 1,
      "sender": Immutable.ExchangeParticipant {
        "replyTo": "",
        "username": "",
      },
      "receiver": Immutable.ExchangeParticipant {
        "replyTo": "",
        "username": "Unnamed",
      },
      "createdAt": 1551963828,
      "message": "This is a message with id 0",
      "spent": "0.32",
      "fromYou": true,
      "status": "broadcasted",
      "error": null,
      "shippingData": null,
      "tag": "",
      "offerOwner": "",
      "isUnregistered": false,
      "publicKey": null,
      "blockTime": 9007199254740991,
    },
  ],
  "network": "testnet",
  "publicChannels": Immutable.Map {},
  "qMessages": Immutable.Map {},
  "triggerScroll": false,
  "users": Immutable.Map {},
}
`;
