// Jest Snapshot v1, https://goo.gl/fbAQLP

exports[`ChannelHeader will receive right props 1`] = `
Object {
  "channel": Immutable.Map {
    "id": 1,
    "name": "Channel 1",
    "private": true,
    "address": "zs1testaddress1",
    "unread": 1,
    "description": "Channel about 1",
    "keys": Immutable.Map {
      "ivk": "incoming-viewing-key-1",
    },
  },
  "members": Set {},
}
`;
