// Jest Snapshot v1, https://goo.gl/fbAQLP

exports[`DirectMessagesMenuActions will receive right actions 1`] = `
Object {
  "onDelete": [Function],
  "onInfo": [Function],
  "onMute": [Function],
}
`;
