// Jest Snapshot v1, https://goo.gl/fbAQLP

exports[`accounting fetches address balance 1`] = `"2.432"`;
