// Jest Snapshot v1, https://goo.gl/fbAQLP

exports[`addresses create creates a sapling address 1`] = `"zs1z7rejlpsa98s2rrrfkwmaxu53e4ue0ulcrw0h4x5g8jl04tak0d3mm47vdtahatqrlkngh9sly"`;

exports[`addresses create creates a sapling address by default 1`] = `"zs1z7rejlpsa98s2rrrfkwmaxu53e4ue0ulcrw0h4x5g8jl04tak0d3mm47vdtahatqrlkngh9sly"`;

exports[`addresses create creates a sprout address 1`] = `"zcU1Cd6zYyZCd2VJF8yKgmzjxdiiU1rgTTjEwoN1CGUWCziPkUTXUjXmX7TMqdMNsTfuiGN1jQoVN4kGxUR4sAPN4XZ7pxb"`;

exports[`addresses createTransparent creates a transparent address 1`] = `"t14oHp2v54vfmdgQ3v3SNuQga8JKHTNi2a1"`;
