// Jest Snapshot v1, https://goo.gl/fbAQLP

exports[`CreateUsernameModal renders component 1`] = `
<Memo(WithStyles(Modal))
  handleClose={[MockFunction]}
  open={true}
>
  <WithStyles(ForwardRef(Grid))
    className="main-mock"
    container={true}
    direction="column"
  >
    <WithStyles(ForwardRef(Grid))
      className="title-mock"
      item={true}
    >
      <WithStyles(ForwardRef(Typography))
        variant="h3"
      >
        Create username
      </WithStyles(ForwardRef(Typography))>
    </WithStyles(ForwardRef(Grid))>
    <WithStyles(ForwardRef(Grid))
      className="description-mock"
      item={true}
    >
      <WithStyles(ForwardRef(Typography))
        variant="body2"
      >
        Welcome! You will need a username to send and receive direct messages. Zbay may soon charge a fee for this, but it's (almost) free for now, and we've already provided the funds you need. Your username will last forever, so choose it well...
      </WithStyles(ForwardRef(Typography))>
    </WithStyles(ForwardRef(Grid))>
    <Formik
      enableReinitialize={false}
      initialValues={
        Object {
          "nickname": "test",
        }
      }
      isInitialValid={false}
      onSubmit={[Function]}
      validate={[Function]}
      validateOnBlur={true}
      validateOnChange={true}
    >
      <Component />
    </Formik>
  </WithStyles(ForwardRef(Grid))>
</Memo(WithStyles(Modal))>
`;
