// Jest Snapshot v1, https://goo.gl/fbAQLP

exports[`TopUpModal renders component with private option 1`] = `
<Memo(WithStyles(Modal))
  contentWidth="100%"
  handleClose={[MockFunction]}
  open={false}
>
  <AutoSizer
    disableHeight={false}
    disableWidth={false}
    onResize={[Function]}
    style={Object {}}
  >
    <Component />
  </AutoSizer>
</Memo(WithStyles(Modal))>
`;

exports[`TopUpModal renders component with transparent option 1`] = `
<Memo(WithStyles(Modal))
  contentWidth="100%"
  handleClose={[MockFunction]}
  open={false}
>
  <AutoSizer
    disableHeight={false}
    disableWidth={false}
    onResize={[Function]}
    style={Object {}}
  >
    <Component />
  </AutoSizer>
</Memo(WithStyles(Modal))>
`;
