// Jest Snapshot v1, https://goo.gl/fbAQLP

exports[`NodeStatus will receive right props 1`] = `
Object {
  "connections": 0,
  "freeUtxos": 0,
  "percentSynced": "18",
  "status": "down",
}
`;
