// Jest Snapshot v1, https://goo.gl/fbAQLP

exports[`AdvertModal renders component AdvertModal 1`] = `
<Memo(WithStyles(Modal))
  alignCloseLeft={true}
  classes={
    Object {
      "window": "window-mock",
    }
  }
  fullPage={true}
  handleClose={[MockFunction]}
  open={true}
  title="New Listing"
>
  <AutoSizer
    disableHeight={false}
    disableWidth={false}
    onResize={[Function]}
    style={Object {}}
  >
    <Component />
  </AutoSizer>
</Memo(WithStyles(Modal))>
`;
